======================================================== 
[RUN] Scraper started at 2026-08-25 21:24:42 
🌐 세션 초기화 접속: https://fin.land.naver.com/complexes/110798?propertyType=APT&tradeType=SALE

[TARGET] 더샵동천포레스트 (ID: 110798) 수집 시작...
  📥 페이지 1: +8건 수집 (누적: 8 / 전체 8건)
  ✅ 원시 데이터 8개 수집 완료. 필터링 및 파싱 진행 중...
  🎯 타겟 면적 필터 적용 후 4개 매물 확정.

[TARGET] 울산 힐스테이트 강동 (ID: 109228) 수집 시작...
  📥 페이지 1: +30건 수집 (누적: 30 / 전체 70건)
  📥 페이지 2: +30건 수집 (누적: 60 / 전체 70건)
  📥 페이지 3: +10건 수집 (누적: 70 / 전체 70건)
  ✅ 원시 데이터 70개 수집 완료. 필터링 및 파싱 진행 중...
  🎯 타겟 면적 필터 적용 후 65개 매물 확정.

[TARGET] 한강센트럴자이 1단지 (ID: 108487) 수집 시작...
  📥 페이지 1: +30건 수집 (누적: 30 / 전체 397건)
  📥 페이지 2: +30건 수집 (누적: 60 / 전체 397건)
  📥 페이지 3: +30건 수집 (누적: 90 / 전체 397건)
  📥 페이지 4: +30건 수집 (누적: 120 / 전체 397건)
  📥 페이지 5: +30건 수집 (누적: 150 / 전체 397건)
  📥 페이지 6: +30건 수집 (누적: 180 / 전체 397건)
  📥 페이지 7: +30건 수집 (누적: 210 / 전체 397건)
  📥 페이지 8: +30건 수집 (누적: 240 / 전체 397건)
  📥 페이지 9: +30건 수집 (누적: 270 / 전체 397건)
  📥 페이지 10: +30건 수집 (누적: 300 / 전체 397건)
  📥 페이지 11: +30건 수집 (누적: 330 / 전체 397건)
  📥 페이지 12: +30건 수집 (누적: 360 / 전체 397건)
  📥 페이지 13: +30건 수집 (누적: 390 / 전체 397건)
  📥 페이지 14: +7건 수집 (누적: 397 / 전체 397건)
  ✅ 원시 데이터 397개 수집 완료. 필터링 및 파싱 진행 중...
  🎯 타겟 면적 필터 적용 후 281개 매물 확정.

[TARGET] 선암에코하이츠 (ID: 106191) 수집 시작...
  📥 페이지 1: +30건 수집 (누적: 30 / 전체 49건)
  📥 페이지 2: +19건 수집 (누적: 49 / 전체 49건)
  ✅ 원시 데이터 49개 수집 완료. 필터링 및 파싱 진행 중...
  🎯 타겟 면적 필터 적용 후 14개 매물 확정.

📊 Summary (Properties): New: 0, Re-reg: 110, Completed: 15, Expired: 0
✅ 완료! 364개 고유 매물 저장됨.
fatal: detected dubious ownership in repository at 'D:/8.Antigravity/myBudongsan'
'D:/8.Antigravity/myBudongsan' is on a file system that does not record ownership
To add an exception for this directory, call:

	git config --global --add safe.directory D:/8.Antigravity/myBudongsan
fatal: detected dubious ownership in repository at 'D:/8.Antigravity/myBudongsan'
'D:/8.Antigravity/myBudongsan' is on a file system that does not record ownership
To add an exception for this directory, call:

	git config --global --add safe.directory D:/8.Antigravity/myBudongsan
fatal: detected dubious ownership in repository at 'D:/8.Antigravity/myBudongsan'
'D:/8.Antigravity/myBudongsan' is on a file system that does not record ownership
To add an exception for this directory, call:

	git config --global --add safe.directory D:/8.Antigravity/myBudongsan
fatal: detected dubious ownership in repository at 'D:/8.Antigravity/myBudongsan'
'D:/8.Antigravity/myBudongsan' is on a file system that does not record ownership
To add an exception for this directory, call:

	git config --global --add safe.directory D:/8.Antigravity/myBudongsan
[SUCCESS] Scraping and GitHub sync finished at 2026-08-25 21:25:37 
======================================================== 
[RUN] Scraper started at 2026-08-25 21:26:17 
🌐 세션 초기화 접속: https://fin.land.naver.com/complexes/110798?propertyType=APT&tradeType=SALE

[TARGET] 더샵동천포레스트 (ID: 110798) 수집 시작...
  📥 페이지 1: +8건 수집 (누적: 8 / 전체 8건)
  ✅ 원시 데이터 8개 수집 완료. 필터링 및 파싱 진행 중...
  🎯 타겟 면적 필터 적용 후 4개 매물 확정.

[TARGET] 울산 힐스테이트 강동 (ID: 109228) 수집 시작...
  📥 페이지 1: +30건 수집 (누적: 30 / 전체 70건)
  📥 페이지 2: +30건 수집 (누적: 60 / 전체 70건)
  📥 페이지 3: +10건 수집 (누적: 70 / 전체 70건)
  ✅ 원시 데이터 70개 수집 완료. 필터링 및 파싱 진행 중...
  🎯 타겟 면적 필터 적용 후 65개 매물 확정.

[TARGET] 한강센트럴자이 1단지 (ID: 108487) 수집 시작...
  📥 페이지 1: +30건 수집 (누적: 30 / 전체 397건)
  📥 페이지 2: +30건 수집 (누적: 60 / 전체 397건)
  📥 페이지 3: +30건 수집 (누적: 90 / 전체 397건)
  📥 페이지 4: +30건 수집 (누적: 120 / 전체 397건)
  📥 페이지 5: +30건 수집 (누적: 150 / 전체 397건)
  📥 페이지 6: +30건 수집 (누적: 180 / 전체 397건)
  📥 페이지 7: +30건 수집 (누적: 210 / 전체 397건)
  📥 페이지 8: +30건 수집 (누적: 240 / 전체 397건)
  📥 페이지 9: +30건 수집 (누적: 270 / 전체 397건)
  📥 페이지 10: +30건 수집 (누적: 300 / 전체 397건)
  📥 페이지 11: +30건 수집 (누적: 330 / 전체 397건)
  📥 페이지 12: +30건 수집 (누적: 360 / 전체 397건)
  📥 페이지 13: +30건 수집 (누적: 390 / 전체 397건)
  📥 페이지 14: +7건 수집 (누적: 397 / 전체 397건)
  ✅ 원시 데이터 397개 수집 완료. 필터링 및 파싱 진행 중...
  🎯 타겟 면적 필터 적용 후 281개 매물 확정.

[TARGET] 선암에코하이츠 (ID: 106191) 수집 시작...
  📥 페이지 1: +30건 수집 (누적: 30 / 전체 49건)
  📥 페이지 2: +19건 수집 (누적: 49 / 전체 49건)
  ✅ 원시 데이터 49개 수집 완료. 필터링 및 파싱 진행 중...
  🎯 타겟 면적 필터 적용 후 14개 매물 확정.

📊 Summary (Properties): New: 0, Re-reg: 110, Completed: 15, Expired: 0
✅ 완료! 364개 고유 매물 저장됨.
warning: in the working copy of 'data/last_run.log', LF will be replaced by CRLF the next time Git touches it
[main 6878602] Auto-update listings: 2026-08-25 21:26:45 (Local Scraper)
 3 files changed, 1973 insertions(+), 1794 deletions(-)
 create mode 100644 data/last_run.log
error: cannot pull with rebase: You have unstaged changes.
error: Please commit or stash them.
To https://github.com/hyochanie555/myBudongsan.git
   737b7c2..6878602  main -> main
[SUCCESS] Scraping and GitHub sync finished at 2026-08-25 21:26:45 
======================================================== 
[RUN] Scraper started at 2026-08-25 21:59:35 
🌐 세션 초기화 접속: https://fin.land.naver.com/complexes/110798?propertyType=APT&tradeType=SALE

[TARGET] 더샵동천포레스트 (ID: 110798) 수집 시작...
  📥 페이지 1: +8건 수집 (누적: 8 / 전체 8건)
  ✅ 원시 데이터 8개 수집 완료. 필터링 및 파싱 진행 중...
  🎯 타겟 면적 필터 적용 후 4개 매물 확정.

[TARGET] 울산 힐스테이트 강동 (ID: 109228) 수집 시작...
  📥 페이지 1: +30건 수집 (누적: 30 / 전체 70건)
  📥 페이지 2: +30건 수집 (누적: 60 / 전체 70건)
  📥 페이지 3: +10건 수집 (누적: 70 / 전체 70건)
  ✅ 원시 데이터 70개 수집 완료. 필터링 및 파싱 진행 중...
  🎯 타겟 면적 필터 적용 후 65개 매물 확정.

[TARGET] 한강센트럴자이 1단지 (ID: 108487) 수집 시작...
  📥 페이지 1: +30건 수집 (누적: 30 / 전체 397건)
  📥 페이지 2: +30건 수집 (누적: 60 / 전체 397건)
  📥 페이지 3: +30건 수집 (누적: 90 / 전체 397건)
  📥 페이지 4: +30건 수집 (누적: 120 / 전체 397건)
  📥 페이지 5: +30건 수집 (누적: 150 / 전체 397건)
  📥 페이지 6: +30건 수집 (누적: 180 / 전체 397건)
  📥 페이지 7: +30건 수집 (누적: 210 / 전체 397건)
  📥 페이지 8: +30건 수집 (누적: 240 / 전체 397건)
  📥 페이지 9: +30건 수집 (누적: 270 / 전체 397건)
  📥 페이지 10: +30건 수집 (누적: 300 / 전체 397건)
  📥 페이지 11: +30건 수집 (누적: 330 / 전체 397건)
  📥 페이지 12: +30건 수집 (누적: 360 / 전체 397건)
  📥 페이지 13: +30건 수집 (누적: 390 / 전체 397건)
  📥 페이지 14: +7건 수집 (누적: 397 / 전체 397건)
  ✅ 원시 데이터 397개 수집 완료. 필터링 및 파싱 진행 중...
  🎯 타겟 면적 필터 적용 후 281개 매물 확정.

[TARGET] 선암에코하이츠 (ID: 106191) 수집 시작...
  📥 페이지 1: +30건 수집 (누적: 30 / 전체 49건)
  📥 페이지 2: +19건 수집 (누적: 49 / 전체 49건)
  ✅ 원시 데이터 49개 수집 완료. 필터링 및 파싱 진행 중...
  🎯 타겟 면적 필터 적용 후 14개 매물 확정.

📊 Summary (Properties): New: 0, Re-reg: 110, Completed: 15, Expired: 0
✅ 완료! 364개 고유 매물 저장됨.
warning: in the working copy of 'data/last_run.log', LF will be replaced by CRLF the next time Git touches it
[main c34903c] Auto-update listings: 2026-08-25 22:00:06 (Local Scraper)
 4 files changed, 1655 insertions(+), 1613 deletions(-)
To https://github.com/hyochanie555/myBudongsan.git
   a8a9839..c34903c  main -> main
[SUCCESS] Scraping and GitHub sync finished at 2026-08-25 22:00:06 
======================================================== 
[RUN] Scraper started at 2026-08-25 22:09:49 
🌐 세션 초기화 접속: https://fin.land.naver.com/complexes/110798?propertyType=APT&tradeType=SALE

[TARGET] 더샵동천포레스트 (ID: 110798) 수집 시작...
  📥 페이지 1: +8건 수집 (누적: 8 / 전체 8건)
  ✅ 원시 데이터 8개 수집 완료. 필터링 및 파싱 진행 중...
  🎯 타겟 면적 필터 적용 후 4개 매물 확정.

[TARGET] 울산 힐스테이트 강동 (ID: 109228) 수집 시작...
  📥 페이지 1: +30건 수집 (누적: 30 / 전체 70건)
  📥 페이지 2: +30건 수집 (누적: 60 / 전체 70건)
  📥 페이지 3: +10건 수집 (누적: 70 / 전체 70건)
  ✅ 원시 데이터 70개 수집 완료. 필터링 및 파싱 진행 중...
  🎯 타겟 면적 필터 적용 후 65개 매물 확정.

[TARGET] 한강센트럴자이 1단지 (ID: 108487) 수집 시작...
  📥 페이지 1: +30건 수집 (누적: 30 / 전체 397건)
  📥 페이지 2: +30건 수집 (누적: 60 / 전체 397건)
  📥 페이지 3: +30건 수집 (누적: 90 / 전체 397건)
  📥 페이지 4: +30건 수집 (누적: 120 / 전체 397건)
  📥 페이지 5: +30건 수집 (누적: 150 / 전체 397건)
  📥 페이지 6: +30건 수집 (누적: 180 / 전체 397건)
  📥 페이지 7: +30건 수집 (누적: 210 / 전체 397건)
  📥 페이지 8: +30건 수집 (누적: 240 / 전체 397건)
  📥 페이지 9: +30건 수집 (누적: 270 / 전체 397건)
  📥 페이지 10: +30건 수집 (누적: 300 / 전체 397건)
  📥 페이지 11: +30건 수집 (누적: 330 / 전체 397건)
  📥 페이지 12: +30건 수집 (누적: 360 / 전체 397건)
  📥 페이지 13: +30건 수집 (누적: 390 / 전체 397건)
  📥 페이지 14: +7건 수집 (누적: 397 / 전체 397건)
  ✅ 원시 데이터 397개 수집 완료. 필터링 및 파싱 진행 중...
  🎯 타겟 면적 필터 적용 후 281개 매물 확정.

[TARGET] 선암에코하이츠 (ID: 106191) 수집 시작...
  📥 페이지 1: +30건 수집 (누적: 30 / 전체 49건)
  📥 페이지 2: +19건 수집 (누적: 49 / 전체 49건)
  ✅ 원시 데이터 49개 수집 완료. 필터링 및 파싱 진행 중...
  🎯 타겟 면적 필터 적용 후 14개 매물 확정.

📊 Summary (Properties): New: 0, Re-reg: 110, Completed: 15, Expired: 0
✅ 완료! 364개 고유 매물 저장됨.
warning: in the working copy of 'data/last_run.log', LF will be replaced by CRLF the next time Git touches it
[main 885cdf7] Auto-update listings: 2026-08-25 22:10:11 (Local Scraper)
 4 files changed, 1633 insertions(+), 1585 deletions(-)
To https://github.com/hyochanie555/myBudongsan.git
   c34903c..885cdf7  main -> main
[SUCCESS] Scraping and GitHub sync finished at 2026-08-25 22:10:11 
======================================================== 
[RUN] Scraper started at 2026-08-26 07:00:15 
🌞 [SYSTEM] New Date (2026-08-26). Setting baseline...
🌐 세션 초기화 접속: https://fin.land.naver.com/complexes/110798?propertyType=APT&tradeType=SALE

[TARGET] 더샵동천포레스트 (ID: 110798) 수집 시작...
  📥 페이지 1: +8건 수집 (누적: 8 / 전체 8건)
  ✅ 원시 데이터 8개 수집 완료. 필터링 및 파싱 진행 중...
  🎯 타겟 면적 필터 적용 후 4개 매물 확정.

[TARGET] 울산 힐스테이트 강동 (ID: 109228) 수집 시작...
  📥 페이지 1: +30건 수집 (누적: 30 / 전체 70건)
  📥 페이지 2: +30건 수집 (누적: 60 / 전체 70건)
  📥 페이지 3: +10건 수집 (누적: 70 / 전체 70건)
  ✅ 원시 데이터 70개 수집 완료. 필터링 및 파싱 진행 중...
  🎯 타겟 면적 필터 적용 후 65개 매물 확정.

[TARGET] 한강센트럴자이 1단지 (ID: 108487) 수집 시작...
  📥 페이지 1: +30건 수집 (누적: 30 / 전체 397건)
  📥 페이지 2: +30건 수집 (누적: 60 / 전체 397건)
  📥 페이지 3: +30건 수집 (누적: 90 / 전체 397건)
  📥 페이지 4: +30건 수집 (누적: 120 / 전체 397건)
  📥 페이지 5: +30건 수집 (누적: 150 / 전체 397건)
  📥 페이지 6: +30건 수집 (누적: 180 / 전체 397건)
  📥 페이지 7: +30건 수집 (누적: 210 / 전체 397건)
  📥 페이지 8: +30건 수집 (누적: 240 / 전체 397건)
  📥 페이지 9: +30건 수집 (누적: 270 / 전체 397건)
  📥 페이지 10: +30건 수집 (누적: 300 / 전체 397건)
  📥 페이지 11: +30건 수집 (누적: 330 / 전체 397건)
  📥 페이지 12: +30건 수집 (누적: 360 / 전체 397건)
  📥 페이지 13: +30건 수집 (누적: 390 / 전체 397건)
  📥 페이지 14: +7건 수집 (누적: 397 / 전체 397건)
  ✅ 원시 데이터 397개 수집 완료. 필터링 및 파싱 진행 중...
  🎯 타겟 면적 필터 적용 후 281개 매물 확정.

[TARGET] 선암에코하이츠 (ID: 106191) 수집 시작...
  📥 페이지 1: +30건 수집 (누적: 30 / 전체 49건)
  📥 페이지 2: +19건 수집 (누적: 49 / 전체 49건)
  ✅ 원시 데이터 49개 수집 완료. 필터링 및 파싱 진행 중...
  🎯 타겟 면적 필터 적용 후 14개 매물 확정.

📊 Summary (Properties): New: 0, Re-reg: 2, Completed: 0, Expired: 0
✅ 완료! 364개 고유 매물 저장됨.
warning: in the working copy of 'data/last_run.log', LF will be replaced by CRLF the next time Git touches it
[main ce6205d] Auto-update listings: 2026-08-26 07:00:12 (Local Scraper)
 4 files changed, 4942 insertions(+), 5049 deletions(-)
To https://github.com/hyochanie555/myBudongsan.git
   885cdf7..ce6205d  main -> main
[SUCCESS] Scraping and GitHub sync finished at 2026-08-26 07:00:12 
======================================================== 
[RUN] Scraper started at 2026-08-26 11:00:14 
🌐 세션 초기화 접속: https://fin.land.naver.com/complexes/110798?propertyType=APT&tradeType=SALE

[TARGET] 더샵동천포레스트 (ID: 110798) 수집 시작...
  📥 페이지 1: +8건 수집 (누적: 8 / 전체 8건)
  ✅ 원시 데이터 8개 수집 완료. 필터링 및 파싱 진행 중...
  🎯 타겟 면적 필터 적용 후 4개 매물 확정.

[TARGET] 울산 힐스테이트 강동 (ID: 109228) 수집 시작...
  📥 페이지 1: +30건 수집 (누적: 30 / 전체 70건)
  📥 페이지 2: +30건 수집 (누적: 60 / 전체 70건)
  ⚠️ Attempt 1 error: Page.evaluate: Execution context was destroyed, most likely because of a navigation.
  ⚠️ Attempt 1 failed. Retrying in 3s...

[TARGET] 울산 힐스테이트 강동 (ID: 109228) 수집 시작...
  ⚠️ API 응답 실패 또는 종료: {'error': 'SyntaxError: Unexpected token \'<\', "<html>\r\n<h"... is not valid JSON'}
  ✅ 원시 데이터 0개 수집 완료. 필터링 및 파싱 진행 중...
  🎯 타겟 면적 필터 적용 후 0개 매물 확정.
  ⚠️ Attempt 2 failed. Retrying in 6s...

[TARGET] 울산 힐스테이트 강동 (ID: 109228) 수집 시작...
  ⚠️ API 응답 실패 또는 종료: {'error': 'SyntaxError: Unexpected token \'<\', "<html>\r\n<h"... is not valid JSON'}
  ✅ 원시 데이터 0개 수집 완료. 필터링 및 파싱 진행 중...
  🎯 타겟 면적 필터 적용 후 0개 매물 확정.
  ❌ Max retries reached for 울산 힐스테이트 강동.

[TARGET] 한강센트럴자이 1단지 (ID: 108487) 수집 시작...
  ⚠️ API 응답 실패 또는 종료: {'error': 'SyntaxError: Unexpected token \'<\', "<html>\r\n<h"... is not valid JSON'}
  ✅ 원시 데이터 0개 수집 완료. 필터링 및 파싱 진행 중...
  🎯 타겟 면적 필터 적용 후 0개 매물 확정.
  ⚠️ Attempt 1 failed. Retrying in 3s...

[TARGET] 한강센트럴자이 1단지 (ID: 108487) 수집 시작...
  ⚠️ API 응답 실패 또는 종료: {'error': 'SyntaxError: Unexpected token \'<\', "<html>\r\n<h"... is not valid JSON'}
  ✅ 원시 데이터 0개 수집 완료. 필터링 및 파싱 진행 중...
  🎯 타겟 면적 필터 적용 후 0개 매물 확정.
  ⚠️ Attempt 2 failed. Retrying in 6s...

[TARGET] 한강센트럴자이 1단지 (ID: 108487) 수집 시작...
  ⚠️ API 응답 실패 또는 종료: {'error': 'SyntaxError: Unexpected token \'<\', "<html>\r\n<h"... is not valid JSON'}
  ✅ 원시 데이터 0개 수집 완료. 필터링 및 파싱 진행 중...
  🎯 타겟 면적 필터 적용 후 0개 매물 확정.
  ❌ Max retries reached for 한강센트럴자이 1단지.

[TARGET] 선암에코하이츠 (ID: 106191) 수집 시작...
  ⚠️ API 응답 실패 또는 종료: {'error': 'SyntaxError: Unexpected token \'<\', "<html>\r\n<h"... is not valid JSON'}
  ✅ 원시 데이터 0개 수집 완료. 필터링 및 파싱 진행 중...
  🎯 타겟 면적 필터 적용 후 0개 매물 확정.
  ⚠️ Attempt 1 failed. Retrying in 3s...

[TARGET] 선암에코하이츠 (ID: 106191) 수집 시작...
  ⚠️ API 응답 실패 또는 종료: {'error': 'SyntaxError: Unexpected token \'<\', "<html>\r\n<h"... is not valid JSON'}
  ✅ 원시 데이터 0개 수집 완료. 필터링 및 파싱 진행 중...
  🎯 타겟 면적 필터 적용 후 0개 매물 확정.
  ⚠️ Attempt 2 failed. Retrying in 6s...

[TARGET] 선암에코하이츠 (ID: 106191) 수집 시작...
  ⚠️ API 응답 실패 또는 종료: {'error': 'SyntaxError: Unexpected token \'<\', "<html>\r\n<h"... is not valid JSON'}
  ✅ 원시 데이터 0개 수집 완료. 필터링 및 파싱 진행 중...
  🎯 타겟 면적 필터 적용 후 0개 매물 확정.
  ❌ Max retries reached for 선암에코하이츠.

📊 Summary (Properties): New: 0, Re-reg: 1, Completed: 351, Expired: 9
✅ 완료! 4개 고유 매물 저장됨.
